// Jest Snapshot v1, https://goo.gl/fbAQLP

exports[`type 1`] = `
"# Index

- [\`/event/{eventKey}/info\`](#eventeventkeyinfo)
- [\`/events\`](#events)
- [\`/users/{userId}\`](#usersuserid)

# \`/event/{eventKey}/info\`

## \`GET\`

### Response

\`\`\`ts
type Data = {
  webcasts: {
    type: \\"twitch\\" | \\"youtube\\"
    url: string
  }
  location: {
    name: string
    lat: number
    lon: number
  }
  name: string
  district?: string
  week?: number
  // UTC date
  startDate: string
  // UTC date
  endDate: string
  // Only if user is logged in
  starred?: boolean
}
\`\`\`

# \`/events\`

## \`GET\`

comment
this is a comment on getEvents
another comment

### Response

\`\`\`ts
type Data = {
  name: string
  district?: string
  week?: number
  // UTC date
  startDate: string
  // UTC date
  endDate: string
  // Only if user is logged in
  starred?: boolean
  location: {
    lat: number
    lon: number
  }
}[]
\`\`\`

# \`/users/{userId}\`

## \`PATCH\`

### Request

\`\`\`ts
type Data = {
  username?: string
  firstName?: string
  lastName?: string
  password?: string
  roles?: {
    isAdmin: boolean
    isVerified: boolean
  }
}
\`\`\`


### Response

\`\`\`ts
type Data = null
\`\`\`
"
`;
